
Collecting usage statistics. To deactivate, set browser.gatherUsageStats to false.

2026-06-05 12:14:09.939 Uvicorn server started on 0.0.0.0:8501

  You can now view your Streamlit app in your browser.

  Local URL: http://localhost:8501
  Network URL: http://172.28.0.12:8501
  External URL: http://35.255.135.144:8501

2026-06-05 12:14:20.381 `label` got an empty value. This is discouraged for accessibility reasons and may be disallowed in the future by raising an exception. Please provide a non-empty label and hide it with label_visibility if needed.
Stack (most recent call last):
  File "/usr/lib/python3.12/threading.py", line 1032, in _bootstrap
    self._bootstrap_inner()
  File "/usr/lib/python3.12/threading.py", line 1075, in _bootstrap_inner
    self.run()
  File "/usr/lib/python3.12/threading.py", line 1012, in run
    self._target(*self._args, **self._kwargs)
  File "/usr/local/lib/python3.12/dist-packages/streamlit/runtime/scriptrunner/script_runner.py", line 419, in _run_script_thread
    self._run_script(request.rerun_data)
  File "/usr/local/lib/python3.12/dist-packages/streamlit/runtime/scriptrunner/script_runner.py", line 814, in _run_script
    ) = exec_func_with_error_handling(code_to_exec, ctx)
  File "/usr/local/lib/python3.12/dist-packages/streamlit/runtime/scriptrunner/exec_code.py", line 129, in exec_func_with_error_handling
    result = func()
  File "/usr/local/lib/python3.12/dist-packages/streamlit/runtime/scriptrunner/script_runner.py", line 787, in code_to_exec
    _mpa_v1(self._main_script_path)
  File "/usr/local/lib/python3.12/dist-packages/streamlit/runtime/scriptrunner/script_runner.py", line 171, in _mpa_v1
    page.run()
  File "/usr/local/lib/python3.12/dist-packages/streamlit/navigation/page.py", line 490, in run
    exec(code, module.__dict__)  # noqa: S102
  File "/content/drive/MyDrive/amazon_app/app.py", line 62, in <module>
    page = st.selectbox("", NAV_OPTIONS, label_visibility="collapsed")
  File "/usr/local/lib/python3.12/dist-packages/streamlit/runtime/metrics_util.py", line 698, in wrapped_func
    result = non_optional_func(*args, **kwargs)
  File "/usr/local/lib/python3.12/dist-packages/streamlit/elements/widgets/selectbox.py", line 553, in selectbox
    return self._selectbox(
  File "/usr/local/lib/python3.12/dist-packages/streamlit/elements/widgets/selectbox.py", line 602, in _selectbox
    maybe_raise_label_warnings(label, label_visibility)
  File "/usr/local/lib/python3.12/dist-packages/streamlit/elements/lib/policies.py", line 194, in maybe_raise_label_warnings
    _LOGGER.warning(
2026-06-05 12:14:20.385 `label` got an empty value. This is discouraged for accessibility reasons and may be disallowed in the future by raising an exception. Please provide a non-empty label and hide it with label_visibility if needed.
Stack (most recent call last):
  File "/usr/lib/python3.12/threading.py", line 1032, in _bootstrap
    self._bootstrap_inner()
  File "/usr/lib/python3.12/threading.py", line 1075, in _bootstrap_inner
    self.run()
  File "/usr/lib/python3.12/threading.py", line 1012, in run
    self._target(*self._args, **self._kwargs)
  File "/usr/local/lib/python3.12/dist-packages/streamlit/runtime/scriptrunner/script_runner.py", line 419, in _run_script_thread
    self._run_script(request.rerun_data)
  File "/usr/local/lib/python3.12/dist-packages/streamlit/runtime/scriptrunner/script_runner.py", line 814, in _run_script
    ) = exec_func_with_error_handling(code_to_exec, ctx)
  File "/usr/local/lib/python3.12/dist-packages/streamlit/runtime/scriptrunner/exec_code.py", line 129, in exec_func_with_error_handling
    result = func()
  File "/usr/local/lib/python3.12/dist-packages/streamlit/runtime/scriptrunner/script_runner.py", line 787, in code_to_exec
    _mpa_v1(self._main_script_path)
  File "/usr/local/lib/python3.12/dist-packages/streamlit/runtime/scriptrunner/script_runner.py", line 171, in _mpa_v1
    page.run()
  File "/usr/local/lib/python3.12/dist-packages/streamlit/navigation/page.py", line 490, in run
    exec(code, module.__dict__)  # noqa: S102
  File "/content/drive/MyDrive/amazon_app/app.py", line 69, in <module>
    sel_cats = st.multiselect(
  File "/usr/local/lib/python3.12/dist-packages/streamlit/runtime/metrics_util.py", line 698, in wrapped_func
    result = non_optional_func(*args, **kwargs)
  File "/usr/local/lib/python3.12/dist-packages/streamlit/elements/widgets/multiselect.py", line 513, in multiselect
    return self._multiselect(
  File "/usr/local/lib/python3.12/dist-packages/streamlit/elements/widgets/multiselect.py", line 565, in _multiselect
    maybe_raise_label_warnings(label, label_visibility)
  File "/usr/local/lib/python3.12/dist-packages/streamlit/elements/lib/policies.py", line 194, in maybe_raise_label_warnings
    _LOGGER.warning(
2026-06-05 12:14:20.388 `label` got an empty value. This is discouraged for accessibility reasons and may be disallowed in the future by raising an exception. Please provide a non-empty label and hide it with label_visibility if needed.
Stack (most recent call last):
  File "/usr/lib/python3.12/threading.py", line 1032, in _bootstrap
    self._bootstrap_inner()
  File "/usr/lib/python3.12/threading.py", line 1075, in _bootstrap_inner
    self.run()
  File "/usr/lib/python3.12/threading.py", line 1012, in run
    self._target(*self._args, **self._kwargs)
  File "/usr/local/lib/python3.12/dist-packages/streamlit/runtime/scriptrunner/script_runner.py", line 419, in _run_script_thread
    self._run_script(request.rerun_data)
  File "/usr/local/lib/python3.12/dist-packages/streamlit/runtime/scriptrunner/script_runner.py", line 814, in _run_script
    ) = exec_func_with_error_handling(code_to_exec, ctx)
  File "/usr/local/lib/python3.12/dist-packages/streamlit/runtime/scriptrunner/exec_code.py", line 129, in exec_func_with_error_handling
    result = func()
  File "/usr/local/lib/python3.12/dist-packages/streamlit/runtime/scriptrunner/script_runner.py", line 787, in code_to_exec
    _mpa_v1(self._main_script_path)
  File "/usr/local/lib/python3.12/dist-packages/streamlit/runtime/scriptrunner/script_runner.py", line 171, in _mpa_v1
    page.run()
  File "/usr/local/lib/python3.12/dist-packages/streamlit/navigation/page.py", line 490, in run
    exec(code, module.__dict__)  # noqa: S102
  File "/content/drive/MyDrive/amazon_app/app.py", line 80, in <module>
    sel_segs = st.multiselect(
  File "/usr/local/lib/python3.12/dist-packages/streamlit/runtime/metrics_util.py", line 698, in wrapped_func
    result = non_optional_func(*args, **kwargs)
  File "/usr/local/lib/python3.12/dist-packages/streamlit/elements/widgets/multiselect.py", line 513, in multiselect
    return self._multiselect(
  File "/usr/local/lib/python3.12/dist-packages/streamlit/elements/widgets/multiselect.py", line 565, in _multiselect
    maybe_raise_label_warnings(label, label_visibility)
  File "/usr/local/lib/python3.12/dist-packages/streamlit/elements/lib/policies.py", line 194, in maybe_raise_label_warnings
    _LOGGER.warning(
2026-06-05 12:14:21.197 Please replace `use_container_width` with `width`.

`use_container_width` will be removed after 2025-12-31.

For `use_container_width=True`, use `width='stretch'`. For `use_container_width=False`, use `width='content'`.
2026-06-05 12:15:19.908 `label` got an empty value. This is discouraged for accessibility reasons and may be disallowed in the future by raising an exception. Please provide a non-empty label and hide it with label_visibility if needed.
Stack (most recent call last):
  File "/usr/lib/python3.12/threading.py", line 1032, in _bootstrap
    self._bootstrap_inner()
  File "/usr/lib/python3.12/threading.py", line 1075, in _bootstrap_inner
    self.run()
  File "/usr/lib/python3.12/threading.py", line 1012, in run
    self._target(*self._args, **self._kwargs)
  File "/usr/local/lib/python3.12/dist-packages/streamlit/runtime/scriptrunner/script_runner.py", line 419, in _run_script_thread
    self._run_script(request.rerun_data)
  File "/usr/local/lib/python3.12/dist-packages/streamlit/runtime/scriptrunner/script_runner.py", line 814, in _run_script
    ) = exec_func_with_error_handling(code_to_exec, ctx)
  File "/usr/local/lib/python3.12/dist-packages/streamlit/runtime/scriptrunner/exec_code.py", line 129, in exec_func_with_error_handling
    result = func()
  File "/usr/local/lib/python3.12/dist-packages/streamlit/runtime/scriptrunner/script_runner.py", line 787, in code_to_exec
    _mpa_v1(self._main_script_path)
  File "/usr/local/lib/python3.12/dist-packages/streamlit/runtime/scriptrunner/script_runner.py", line 171, in _mpa_v1
    page.run()
  File "/usr/local/lib/python3.12/dist-packages/streamlit/navigation/page.py", line 490, in run
    exec(code, module.__dict__)  # noqa: S102
  File "/content/drive/MyDrive/amazon_app/app.py", line 62, in <module>
    page = st.selectbox("", NAV_OPTIONS, label_visibility="collapsed")
  File "/usr/local/lib/python3.12/dist-packages/streamlit/runtime/metrics_util.py", line 698, in wrapped_func
    result = non_optional_func(*args, **kwargs)
  File "/usr/local/lib/python3.12/dist-packages/streamlit/elements/widgets/selectbox.py", line 553, in selectbox
    return self._selectbox(
  File "/usr/local/lib/python3.12/dist-packages/streamlit/elements/widgets/selectbox.py", line 602, in _selectbox
    maybe_raise_label_warnings(label, label_visibility)
  File "/usr/local/lib/python3.12/dist-packages/streamlit/elements/lib/policies.py", line 194, in maybe_raise_label_warnings
    _LOGGER.warning(
2026-06-05 12:15:19.912 `label` got an empty value. This is discouraged for accessibility reasons and may be disallowed in the future by raising an exception. Please provide a non-empty label and hide it with label_visibility if needed.
Stack (most recent call last):
  File "/usr/lib/python3.12/threading.py", line 1032, in _bootstrap
    self._bootstrap_inner()
  File "/usr/lib/python3.12/threading.py", line 1075, in _bootstrap_inner
    self.run()
  File "/usr/lib/python3.12/threading.py", line 1012, in run
    self._target(*self._args, **self._kwargs)
  File "/usr/local/lib/python3.12/dist-packages/streamlit/runtime/scriptrunner/script_runner.py", line 419, in _run_script_thread
    self._run_script(request.rerun_data)
  File "/usr/local/lib/python3.12/dist-packages/streamlit/runtime/scriptrunner/script_runner.py", line 814, in _run_script
    ) = exec_func_with_error_handling(code_to_exec, ctx)
  File "/usr/local/lib/python3.12/dist-packages/streamlit/runtime/scriptrunner/exec_code.py", line 129, in exec_func_with_error_handling
    result = func()
  File "/usr/local/lib/python3.12/dist-packages/streamlit/runtime/scriptrunner/script_runner.py", line 787, in code_to_exec
    _mpa_v1(self._main_script_path)
  File "/usr/local/lib/python3.12/dist-packages/streamlit/runtime/scriptrunner/script_runner.py", line 171, in _mpa_v1
    page.run()
  File "/usr/local/lib/python3.12/dist-packages/streamlit/navigation/page.py", line 490, in run
    exec(code, module.__dict__)  # noqa: S102
  File "/content/drive/MyDrive/amazon_app/app.py", line 69, in <module>
    sel_cats = st.multiselect(
  File "/usr/local/lib/python3.12/dist-packages/streamlit/runtime/metrics_util.py", line 698, in wrapped_func
    result = non_optional_func(*args, **kwargs)
  File "/usr/local/lib/python3.12/dist-packages/streamlit/elements/widgets/multiselect.py", line 513, in multiselect
    return self._multiselect(
  File "/usr/local/lib/python3.12/dist-packages/streamlit/elements/widgets/multiselect.py", line 565, in _multiselect
    maybe_raise_label_warnings(label, label_visibility)
  File "/usr/local/lib/python3.12/dist-packages/streamlit/elements/lib/policies.py", line 194, in maybe_raise_label_warnings
    _LOGGER.warning(
2026-06-05 12:15:19.914 `label` got an empty value. This is discouraged for accessibility reasons and may be disallowed in the future by raising an exception. Please provide a non-empty label and hide it with label_visibility if needed.
Stack (most recent call last):
  File "/usr/lib/python3.12/threading.py", line 1032, in _bootstrap
    self._bootstrap_inner()
  File "/usr/lib/python3.12/threading.py", line 1075, in _bootstrap_inner
    self.run()
  File "/usr/lib/python3.12/threading.py", line 1012, in run
    self._target(*self._args, **self._kwargs)
  File "/usr/local/lib/python3.12/dist-packages/streamlit/runtime/scriptrunner/script_runner.py", line 419, in _run_script_thread
    self._run_script(request.rerun_data)
  File "/usr/local/lib/python3.12/dist-packages/streamlit/runtime/scriptrunner/script_runner.py", line 814, in _run_script
    ) = exec_func_with_error_handling(code_to_exec, ctx)
  File "/usr/local/lib/python3.12/dist-packages/streamlit/runtime/scriptrunner/exec_code.py", line 129, in exec_func_with_error_handling
    result = func()
  File "/usr/local/lib/python3.12/dist-packages/streamlit/runtime/scriptrunner/script_runner.py", line 787, in code_to_exec
    _mpa_v1(self._main_script_path)
  File "/usr/local/lib/python3.12/dist-packages/streamlit/runtime/scriptrunner/script_runner.py", line 171, in _mpa_v1
    page.run()
  File "/usr/local/lib/python3.12/dist-packages/streamlit/navigation/page.py", line 490, in run
    exec(code, module.__dict__)  # noqa: S102
  File "/content/drive/MyDrive/amazon_app/app.py", line 80, in <module>
    sel_segs = st.multiselect(
  File "/usr/local/lib/python3.12/dist-packages/streamlit/runtime/metrics_util.py", line 698, in wrapped_func
    result = non_optional_func(*args, **kwargs)
  File "/usr/local/lib/python3.12/dist-packages/streamlit/elements/widgets/multiselect.py", line 513, in multiselect
    return self._multiselect(
  File "/usr/local/lib/python3.12/dist-packages/streamlit/elements/widgets/multiselect.py", line 565, in _multiselect
    maybe_raise_label_warnings(label, label_visibility)
  File "/usr/local/lib/python3.12/dist-packages/streamlit/elements/lib/policies.py", line 194, in maybe_raise_label_warnings
    _LOGGER.warning(
2026-06-05 12:15:20.061 Please replace `use_container_width` with `width`.

`use_container_width` will be removed after 2025-12-31.

For `use_container_width=True`, use `width='stretch'`. For `use_container_width=False`, use `width='content'`.
2026-06-05 12:15:20.132 Please replace `use_container_width` with `width`.

`use_container_width` will be removed after 2025-12-31.

For `use_container_width=True`, use `width='stretch'`. For `use_container_width=False`, use `width='content'`.
2026-06-05 12:15:20.170 Please replace `use_container_width` with `width`.

`use_container_width` will be removed after 2025-12-31.

For `use_container_width=True`, use `width='stretch'`. For `use_container_width=False`, use `width='content'`.
2026-06-05 12:15:20.266 Please replace `use_container_width` with `width`.

`use_container_width` will be removed after 2025-12-31.

For `use_container_width=True`, use `width='stretch'`. For `use_container_width=False`, use `width='content'`.
2026-06-05 12:15:20.351 Please replace `use_container_width` with `width`.

`use_container_width` will be removed after 2025-12-31.

For `use_container_width=True`, use `width='stretch'`. For `use_container_width=False`, use `width='content'`.
2026-06-05 12:15:20.359 Please replace `use_container_width` with `width`.

`use_container_width` will be removed after 2025-12-31.

For `use_container_width=True`, use `width='stretch'`. For `use_container_width=False`, use `width='content'`.
2026-06-05 12:15:24.192 `label` got an empty value. This is discouraged for accessibility reasons and may be disallowed in the future by raising an exception. Please provide a non-empty label and hide it with label_visibility if needed.
Stack (most recent call last):
  File "/usr/lib/python3.12/threading.py", line 1032, in _bootstrap
    self._bootstrap_inner()
  File "/usr/lib/python3.12/threading.py", line 1075, in _bootstrap_inner
    self.run()
  File "/usr/lib/python3.12/threading.py", line 1012, in run
    self._target(*self._args, **self._kwargs)
  File "/usr/local/lib/python3.12/dist-packages/streamlit/runtime/scriptrunner/script_runner.py", line 419, in _run_script_thread
    self._run_script(request.rerun_data)
  File "/usr/local/lib/python3.12/dist-packages/streamlit/runtime/scriptrunner/script_runner.py", line 814, in _run_script
    ) = exec_func_with_error_handling(code_to_exec, ctx)
  File "/usr/local/lib/python3.12/dist-packages/streamlit/runtime/scriptrunner/exec_code.py", line 129, in exec_func_with_error_handling
    result = func()
  File "/usr/local/lib/python3.12/dist-packages/streamlit/runtime/scriptrunner/script_runner.py", line 787, in code_to_exec
    _mpa_v1(self._main_script_path)
  File "/usr/local/lib/python3.12/dist-packages/streamlit/runtime/scriptrunner/script_runner.py", line 171, in _mpa_v1
    page.run()
  File "/usr/local/lib/python3.12/dist-packages/streamlit/navigation/page.py", line 490, in run
    exec(code, module.__dict__)  # noqa: S102
  File "/content/drive/MyDrive/amazon_app/app.py", line 62, in <module>
    page = st.selectbox("", NAV_OPTIONS, label_visibility="collapsed")
  File "/usr/local/lib/python3.12/dist-packages/streamlit/runtime/metrics_util.py", line 698, in wrapped_func
    result = non_optional_func(*args, **kwargs)
  File "/usr/local/lib/python3.12/dist-packages/streamlit/elements/widgets/selectbox.py", line 553, in selectbox
    return self._selectbox(
  File "/usr/local/lib/python3.12/dist-packages/streamlit/elements/widgets/selectbox.py", line 602, in _selectbox
    maybe_raise_label_warnings(label, label_visibility)
  File "/usr/local/lib/python3.12/dist-packages/streamlit/elements/lib/policies.py", line 194, in maybe_raise_label_warnings
    _LOGGER.warning(
2026-06-05 12:15:24.196 `label` got an empty value. This is discouraged for accessibility reasons and may be disallowed in the future by raising an exception. Please provide a non-empty label and hide it with label_visibility if needed.
Stack (most recent call last):
  File "/usr/lib/python3.12/threading.py", line 1032, in _bootstrap
    self._bootstrap_inner()
  File "/usr/lib/python3.12/threading.py", line 1075, in _bootstrap_inner
    self.run()
  File "/usr/lib/python3.12/threading.py", line 1012, in run
    self._target(*self._args, **self._kwargs)
  File "/usr/local/lib/python3.12/dist-packages/streamlit/runtime/scriptrunner/script_runner.py", line 419, in _run_script_thread
    self._run_script(request.rerun_data)
  File "/usr/local/lib/python3.12/dist-packages/streamlit/runtime/scriptrunner/script_runner.py", line 814, in _run_script
    ) = exec_func_with_error_handling(code_to_exec, ctx)
  File "/usr/local/lib/python3.12/dist-packages/streamlit/runtime/scriptrunner/exec_code.py", line 129, in exec_func_with_error_handling
    result = func()
  File "/usr/local/lib/python3.12/dist-packages/streamlit/runtime/scriptrunner/script_runner.py", line 787, in code_to_exec
    _mpa_v1(self._main_script_path)
  File "/usr/local/lib/python3.12/dist-packages/streamlit/runtime/scriptrunner/script_runner.py", line 171, in _mpa_v1
    page.run()
  File "/usr/local/lib/python3.12/dist-packages/streamlit/navigation/page.py", line 490, in run
    exec(code, module.__dict__)  # noqa: S102
  File "/content/drive/MyDrive/amazon_app/app.py", line 69, in <module>
    sel_cats = st.multiselect(
  File "/usr/local/lib/python3.12/dist-packages/streamlit/runtime/metrics_util.py", line 698, in wrapped_func
    result = non_optional_func(*args, **kwargs)
  File "/usr/local/lib/python3.12/dist-packages/streamlit/elements/widgets/multiselect.py", line 513, in multiselect
    return self._multiselect(
  File "/usr/local/lib/python3.12/dist-packages/streamlit/elements/widgets/multiselect.py", line 565, in _multiselect
    maybe_raise_label_warnings(label, label_visibility)
  File "/usr/local/lib/python3.12/dist-packages/streamlit/elements/lib/policies.py", line 194, in maybe_raise_label_warnings
    _LOGGER.warning(
2026-06-05 12:15:24.198 `label` got an empty value. This is discouraged for accessibility reasons and may be disallowed in the future by raising an exception. Please provide a non-empty label and hide it with label_visibility if needed.
Stack (most recent call last):
  File "/usr/lib/python3.12/threading.py", line 1032, in _bootstrap
    self._bootstrap_inner()
  File "/usr/lib/python3.12/threading.py", line 1075, in _bootstrap_inner
    self.run()
  File "/usr/lib/python3.12/threading.py", line 1012, in run
    self._target(*self._args, **self._kwargs)
  File "/usr/local/lib/python3.12/dist-packages/streamlit/runtime/scriptrunner/script_runner.py", line 419, in _run_script_thread
    self._run_script(request.rerun_data)
  File "/usr/local/lib/python3.12/dist-packages/streamlit/runtime/scriptrunner/script_runner.py", line 814, in _run_script
    ) = exec_func_with_error_handling(code_to_exec, ctx)
  File "/usr/local/lib/python3.12/dist-packages/streamlit/runtime/scriptrunner/exec_code.py", line 129, in exec_func_with_error_handling
    result = func()
  File "/usr/local/lib/python3.12/dist-packages/streamlit/runtime/scriptrunner/script_runner.py", line 787, in code_to_exec
    _mpa_v1(self._main_script_path)
  File "/usr/local/lib/python3.12/dist-packages/streamlit/runtime/scriptrunner/script_runner.py", line 171, in _mpa_v1
    page.run()
  File "/usr/local/lib/python3.12/dist-packages/streamlit/navigation/page.py", line 490, in run
    exec(code, module.__dict__)  # noqa: S102
  File "/content/drive/MyDrive/amazon_app/app.py", line 80, in <module>
    sel_segs = st.multiselect(
  File "/usr/local/lib/python3.12/dist-packages/streamlit/runtime/metrics_util.py", line 698, in wrapped_func
    result = non_optional_func(*args, **kwargs)
  File "/usr/local/lib/python3.12/dist-packages/streamlit/elements/widgets/multiselect.py", line 513, in multiselect
    return self._multiselect(
  File "/usr/local/lib/python3.12/dist-packages/streamlit/elements/widgets/multiselect.py", line 565, in _multiselect
    maybe_raise_label_warnings(label, label_visibility)
  File "/usr/local/lib/python3.12/dist-packages/streamlit/elements/lib/policies.py", line 194, in maybe_raise_label_warnings
    _LOGGER.warning(
2026-06-05 12:15:24.237 Please replace `use_container_width` with `width`.

`use_container_width` will be removed after 2025-12-31.

For `use_container_width=True`, use `width='stretch'`. For `use_container_width=False`, use `width='content'`.
